ARM GAS  /tmp/ccp1KeDo.s 			page 1


   1              		.cpu cortex-m4
   2              		.arch armv7e-m
   3              		.fpu fpv4-sp-d16
   4              		.eabi_attribute 27, 1
   5              		.eabi_attribute 28, 1
   6              		.eabi_attribute 20, 1
   7              		.eabi_attribute 21, 1
   8              		.eabi_attribute 23, 3
   9              		.eabi_attribute 24, 1
  10              		.eabi_attribute 25, 1
  11              		.eabi_attribute 26, 1
  12              		.eabi_attribute 30, 1
  13              		.eabi_attribute 34, 1
  14              		.eabi_attribute 18, 4
  15              		.file	"stm32f4xx_it.c"
  16              		.text
  17              	.Ltext0:
  18              		.cfi_sections	.debug_frame
  19              		.file 1 "Core/Src/stm32f4xx_it.c"
  20              		.section	.text.NMI_Handler,"ax",%progbits
  21              		.align	1
  22              		.global	NMI_Handler
  23              		.syntax unified
  24              		.thumb
  25              		.thumb_func
  27              	NMI_Handler:
  28              	.LFB134:
   1:Core/Src/stm32f4xx_it.c **** /* USER CODE BEGIN Header */
   2:Core/Src/stm32f4xx_it.c **** /**
   3:Core/Src/stm32f4xx_it.c ****   ******************************************************************************
   4:Core/Src/stm32f4xx_it.c ****   * @file    stm32f4xx_it.c
   5:Core/Src/stm32f4xx_it.c ****   * @brief   Interrupt Service Routines.
   6:Core/Src/stm32f4xx_it.c ****   ******************************************************************************
   7:Core/Src/stm32f4xx_it.c ****   * @attention
   8:Core/Src/stm32f4xx_it.c ****   *
   9:Core/Src/stm32f4xx_it.c ****   * Copyright (c) 2026 STMicroelectronics.
  10:Core/Src/stm32f4xx_it.c ****   * All rights reserved.
  11:Core/Src/stm32f4xx_it.c ****   *
  12:Core/Src/stm32f4xx_it.c ****   * This software is licensed under terms that can be found in the LICENSE file
  13:Core/Src/stm32f4xx_it.c ****   * in the root directory of this software component.
  14:Core/Src/stm32f4xx_it.c ****   * If no LICENSE file comes with this software, it is provided AS-IS.
  15:Core/Src/stm32f4xx_it.c ****   *
  16:Core/Src/stm32f4xx_it.c ****   ******************************************************************************
  17:Core/Src/stm32f4xx_it.c ****   */
  18:Core/Src/stm32f4xx_it.c **** /* USER CODE END Header */
  19:Core/Src/stm32f4xx_it.c **** 
  20:Core/Src/stm32f4xx_it.c **** /* Includes ------------------------------------------------------------------*/
  21:Core/Src/stm32f4xx_it.c **** #include "main.h"
  22:Core/Src/stm32f4xx_it.c **** #include "stm32f4xx_it.h"
  23:Core/Src/stm32f4xx_it.c **** /* Private includes ----------------------------------------------------------*/
  24:Core/Src/stm32f4xx_it.c **** /* USER CODE BEGIN Includes */
  25:Core/Src/stm32f4xx_it.c **** /* USER CODE END Includes */
  26:Core/Src/stm32f4xx_it.c **** 
  27:Core/Src/stm32f4xx_it.c **** /* Private typedef -----------------------------------------------------------*/
  28:Core/Src/stm32f4xx_it.c **** /* USER CODE BEGIN TD */
  29:Core/Src/stm32f4xx_it.c **** 
  30:Core/Src/stm32f4xx_it.c **** /* USER CODE END TD */
ARM GAS  /tmp/ccp1KeDo.s 			page 2


  31:Core/Src/stm32f4xx_it.c **** 
  32:Core/Src/stm32f4xx_it.c **** /* Private define ------------------------------------------------------------*/
  33:Core/Src/stm32f4xx_it.c **** /* USER CODE BEGIN PD */
  34:Core/Src/stm32f4xx_it.c **** 
  35:Core/Src/stm32f4xx_it.c **** /* USER CODE END PD */
  36:Core/Src/stm32f4xx_it.c **** 
  37:Core/Src/stm32f4xx_it.c **** /* Private macro -------------------------------------------------------------*/
  38:Core/Src/stm32f4xx_it.c **** /* USER CODE BEGIN PM */
  39:Core/Src/stm32f4xx_it.c **** 
  40:Core/Src/stm32f4xx_it.c **** /* USER CODE END PM */
  41:Core/Src/stm32f4xx_it.c **** 
  42:Core/Src/stm32f4xx_it.c **** /* Private variables ---------------------------------------------------------*/
  43:Core/Src/stm32f4xx_it.c **** /* USER CODE BEGIN PV */
  44:Core/Src/stm32f4xx_it.c **** 
  45:Core/Src/stm32f4xx_it.c **** /* USER CODE END PV */
  46:Core/Src/stm32f4xx_it.c **** 
  47:Core/Src/stm32f4xx_it.c **** /* Private function prototypes -----------------------------------------------*/
  48:Core/Src/stm32f4xx_it.c **** /* USER CODE BEGIN PFP */
  49:Core/Src/stm32f4xx_it.c **** 
  50:Core/Src/stm32f4xx_it.c **** /* USER CODE END PFP */
  51:Core/Src/stm32f4xx_it.c **** 
  52:Core/Src/stm32f4xx_it.c **** /* Private user code ---------------------------------------------------------*/
  53:Core/Src/stm32f4xx_it.c **** /* USER CODE BEGIN 0 */
  54:Core/Src/stm32f4xx_it.c **** 
  55:Core/Src/stm32f4xx_it.c **** /* USER CODE END 0 */
  56:Core/Src/stm32f4xx_it.c **** 
  57:Core/Src/stm32f4xx_it.c **** /* External variables --------------------------------------------------------*/
  58:Core/Src/stm32f4xx_it.c **** 
  59:Core/Src/stm32f4xx_it.c **** /* USER CODE BEGIN EV */
  60:Core/Src/stm32f4xx_it.c **** 
  61:Core/Src/stm32f4xx_it.c **** /* USER CODE END EV */
  62:Core/Src/stm32f4xx_it.c **** 
  63:Core/Src/stm32f4xx_it.c **** /******************************************************************************/
  64:Core/Src/stm32f4xx_it.c **** /*           Cortex-M4 Processor Interruption and Exception Handlers          */
  65:Core/Src/stm32f4xx_it.c **** /******************************************************************************/
  66:Core/Src/stm32f4xx_it.c **** /**
  67:Core/Src/stm32f4xx_it.c ****   * @brief This function handles Non maskable interrupt.
  68:Core/Src/stm32f4xx_it.c ****   */
  69:Core/Src/stm32f4xx_it.c **** void NMI_Handler(void)
  70:Core/Src/stm32f4xx_it.c **** {
  29              		.loc 1 70 1 view -0
  30              		.cfi_startproc
  31              		@ Volatile: function does not return.
  32              		@ args = 0, pretend = 0, frame = 0
  33              		@ frame_needed = 0, uses_anonymous_args = 0
  34              		@ link register save eliminated.
  35              	.L2:
  71:Core/Src/stm32f4xx_it.c ****   /* USER CODE BEGIN NonMaskableInt_IRQn 0 */
  72:Core/Src/stm32f4xx_it.c **** 
  73:Core/Src/stm32f4xx_it.c ****   /* USER CODE END NonMaskableInt_IRQn 0 */
  74:Core/Src/stm32f4xx_it.c ****   /* USER CODE BEGIN NonMaskableInt_IRQn 1 */
  75:Core/Src/stm32f4xx_it.c ****    while (1)
  36              		.loc 1 75 4 view .LVU1
  76:Core/Src/stm32f4xx_it.c ****   {
  77:Core/Src/stm32f4xx_it.c ****   }
  37              		.loc 1 77 3 view .LVU2
  75:Core/Src/stm32f4xx_it.c ****   {
ARM GAS  /tmp/ccp1KeDo.s 			page 3


  38              		.loc 1 75 10 view .LVU3
  39 0000 FEE7     		b	.L2
  40              		.cfi_endproc
  41              	.LFE134:
  43              		.section	.text.HardFault_Handler,"ax",%progbits
  44              		.align	1
  45              		.global	HardFault_Handler
  46              		.syntax unified
  47              		.thumb
  48              		.thumb_func
  50              	HardFault_Handler:
  51              	.LFB135:
  78:Core/Src/stm32f4xx_it.c ****   /* USER CODE END NonMaskableInt_IRQn 1 */
  79:Core/Src/stm32f4xx_it.c **** }
  80:Core/Src/stm32f4xx_it.c **** 
  81:Core/Src/stm32f4xx_it.c **** /**
  82:Core/Src/stm32f4xx_it.c ****   * @brief This function handles Hard fault interrupt.
  83:Core/Src/stm32f4xx_it.c ****   */
  84:Core/Src/stm32f4xx_it.c **** void HardFault_Handler(void)
  85:Core/Src/stm32f4xx_it.c **** {
  52              		.loc 1 85 1 view -0
  53              		.cfi_startproc
  54              		@ Volatile: function does not return.
  55              		@ args = 0, pretend = 0, frame = 8
  56              		@ frame_needed = 0, uses_anonymous_args = 0
  57 0000 00B5     		push	{lr}
  58              	.LCFI0:
  59              		.cfi_def_cfa_offset 4
  60              		.cfi_offset 14, -4
  61 0002 83B0     		sub	sp, sp, #12
  62              	.LCFI1:
  63              		.cfi_def_cfa_offset 16
  64              	.L6:
  86:Core/Src/stm32f4xx_it.c ****   /* USER CODE BEGIN HardFault_IRQn 0 */
  87:Core/Src/stm32f4xx_it.c **** 
  88:Core/Src/stm32f4xx_it.c ****   /* USER CODE END HardFault_IRQn 0 */
  89:Core/Src/stm32f4xx_it.c ****   while (1)
  65              		.loc 1 89 3 view .LVU5
  90:Core/Src/stm32f4xx_it.c ****   {
  91:Core/Src/stm32f4xx_it.c ****     /* USER CODE BEGIN W1_HardFault_IRQn 0 */
  92:Core/Src/stm32f4xx_it.c **** 	HAL_GPIO_TogglePin(GPIOA, GPIO_PIN_5);
  66              		.loc 1 92 2 view .LVU6
  67 0004 2021     		movs	r1, #32
  68 0006 0648     		ldr	r0, .L8
  69 0008 FFF7FEFF 		bl	HAL_GPIO_TogglePin
  70              	.LVL0:
  93:Core/Src/stm32f4xx_it.c ****     for (volatile int i = 0; i < 200000; i++);
  71              		.loc 1 93 5 view .LVU7
  72              	.LBB2:
  73              		.loc 1 93 10 view .LVU8
  74              		.loc 1 93 23 is_stmt 0 view .LVU9
  75 000c 0023     		movs	r3, #0
  76 000e 0193     		str	r3, [sp, #4]
  77              	.L4:
  78              		.loc 1 93 32 is_stmt 1 discriminator 1 view .LVU10
  79 0010 019A     		ldr	r2, [sp, #4]
  80 0012 044B     		ldr	r3, .L8+4
ARM GAS  /tmp/ccp1KeDo.s 			page 4


  81 0014 9A42     		cmp	r2, r3
  82 0016 F5DC     		bgt	.L6
  83              		.loc 1 93 43 discriminator 3 view .LVU11
  84 0018 019B     		ldr	r3, [sp, #4]
  85 001a 0133     		adds	r3, r3, #1
  86 001c 0193     		str	r3, [sp, #4]
  87 001e F7E7     		b	.L4
  88              	.L9:
  89              		.align	2
  90              	.L8:
  91 0020 00000240 		.word	1073872896
  92 0024 3F0D0300 		.word	199999
  93              	.LBE2:
  94              		.cfi_endproc
  95              	.LFE135:
  97              		.section	.text.MemManage_Handler,"ax",%progbits
  98              		.align	1
  99              		.global	MemManage_Handler
 100              		.syntax unified
 101              		.thumb
 102              		.thumb_func
 104              	MemManage_Handler:
 105              	.LFB136:
  94:Core/Src/stm32f4xx_it.c ****     /* USER CODE END W1_HardFault_IRQn 0 */
  95:Core/Src/stm32f4xx_it.c ****   }
  96:Core/Src/stm32f4xx_it.c **** }
  97:Core/Src/stm32f4xx_it.c **** 
  98:Core/Src/stm32f4xx_it.c **** /**
  99:Core/Src/stm32f4xx_it.c ****   * @brief This function handles Memory management fault.
 100:Core/Src/stm32f4xx_it.c ****   */
 101:Core/Src/stm32f4xx_it.c **** void MemManage_Handler(void)
 102:Core/Src/stm32f4xx_it.c **** {
 106              		.loc 1 102 1 view -0
 107              		.cfi_startproc
 108              		@ Volatile: function does not return.
 109              		@ args = 0, pretend = 0, frame = 0
 110              		@ frame_needed = 0, uses_anonymous_args = 0
 111              		@ link register save eliminated.
 112              	.L11:
 103:Core/Src/stm32f4xx_it.c ****   /* USER CODE BEGIN MemoryManagement_IRQn 0 */
 104:Core/Src/stm32f4xx_it.c **** 
 105:Core/Src/stm32f4xx_it.c ****   /* USER CODE END MemoryManagement_IRQn 0 */
 106:Core/Src/stm32f4xx_it.c ****   while (1)
 113              		.loc 1 106 3 view .LVU13
 107:Core/Src/stm32f4xx_it.c ****   {
 108:Core/Src/stm32f4xx_it.c ****     /* USER CODE BEGIN W1_MemoryManagement_IRQn 0 */
 109:Core/Src/stm32f4xx_it.c ****     /* USER CODE END W1_MemoryManagement_IRQn 0 */
 110:Core/Src/stm32f4xx_it.c ****   }
 114              		.loc 1 110 3 view .LVU14
 106:Core/Src/stm32f4xx_it.c ****   {
 115              		.loc 1 106 9 view .LVU15
 116 0000 FEE7     		b	.L11
 117              		.cfi_endproc
 118              	.LFE136:
 120              		.section	.text.BusFault_Handler,"ax",%progbits
 121              		.align	1
 122              		.global	BusFault_Handler
ARM GAS  /tmp/ccp1KeDo.s 			page 5


 123              		.syntax unified
 124              		.thumb
 125              		.thumb_func
 127              	BusFault_Handler:
 128              	.LFB137:
 111:Core/Src/stm32f4xx_it.c **** }
 112:Core/Src/stm32f4xx_it.c **** 
 113:Core/Src/stm32f4xx_it.c **** /**
 114:Core/Src/stm32f4xx_it.c ****   * @brief This function handles Pre-fetch fault, memory access fault.
 115:Core/Src/stm32f4xx_it.c ****   */
 116:Core/Src/stm32f4xx_it.c **** void BusFault_Handler(void)
 117:Core/Src/stm32f4xx_it.c **** {
 129              		.loc 1 117 1 view -0
 130              		.cfi_startproc
 131              		@ Volatile: function does not return.
 132              		@ args = 0, pretend = 0, frame = 0
 133              		@ frame_needed = 0, uses_anonymous_args = 0
 134              		@ link register save eliminated.
 135              	.L13:
 118:Core/Src/stm32f4xx_it.c ****   /* USER CODE BEGIN BusFault_IRQn 0 */
 119:Core/Src/stm32f4xx_it.c **** 
 120:Core/Src/stm32f4xx_it.c ****   /* USER CODE END BusFault_IRQn 0 */
 121:Core/Src/stm32f4xx_it.c ****   while (1)
 136              		.loc 1 121 3 view .LVU17
 122:Core/Src/stm32f4xx_it.c ****   {
 123:Core/Src/stm32f4xx_it.c ****     /* USER CODE BEGIN W1_BusFault_IRQn 0 */
 124:Core/Src/stm32f4xx_it.c ****     /* USER CODE END W1_BusFault_IRQn 0 */
 125:Core/Src/stm32f4xx_it.c ****   }
 137              		.loc 1 125 3 view .LVU18
 121:Core/Src/stm32f4xx_it.c ****   {
 138              		.loc 1 121 9 view .LVU19
 139 0000 FEE7     		b	.L13
 140              		.cfi_endproc
 141              	.LFE137:
 143              		.section	.text.UsageFault_Handler,"ax",%progbits
 144              		.align	1
 145              		.global	UsageFault_Handler
 146              		.syntax unified
 147              		.thumb
 148              		.thumb_func
 150              	UsageFault_Handler:
 151              	.LFB138:
 126:Core/Src/stm32f4xx_it.c **** }
 127:Core/Src/stm32f4xx_it.c **** 
 128:Core/Src/stm32f4xx_it.c **** /**
 129:Core/Src/stm32f4xx_it.c ****   * @brief This function handles Undefined instruction or illegal state.
 130:Core/Src/stm32f4xx_it.c ****   */
 131:Core/Src/stm32f4xx_it.c **** void UsageFault_Handler(void)
 132:Core/Src/stm32f4xx_it.c **** {
 152              		.loc 1 132 1 view -0
 153              		.cfi_startproc
 154              		@ Volatile: function does not return.
 155              		@ args = 0, pretend = 0, frame = 0
 156              		@ frame_needed = 0, uses_anonymous_args = 0
 157              		@ link register save eliminated.
 158              	.L15:
 133:Core/Src/stm32f4xx_it.c ****   /* USER CODE BEGIN UsageFault_IRQn 0 */
ARM GAS  /tmp/ccp1KeDo.s 			page 6


 134:Core/Src/stm32f4xx_it.c **** 
 135:Core/Src/stm32f4xx_it.c ****   /* USER CODE END UsageFault_IRQn 0 */
 136:Core/Src/stm32f4xx_it.c ****   while (1)
 159              		.loc 1 136 3 view .LVU21
 137:Core/Src/stm32f4xx_it.c ****   {
 138:Core/Src/stm32f4xx_it.c ****     /* USER CODE BEGIN W1_UsageFault_IRQn 0 */
 139:Core/Src/stm32f4xx_it.c ****     /* USER CODE END W1_UsageFault_IRQn 0 */
 140:Core/Src/stm32f4xx_it.c ****   }
 160              		.loc 1 140 3 view .LVU22
 136:Core/Src/stm32f4xx_it.c ****   {
 161              		.loc 1 136 9 view .LVU23
 162 0000 FEE7     		b	.L15
 163              		.cfi_endproc
 164              	.LFE138:
 166              		.section	.text.SVC_Handler,"ax",%progbits
 167              		.align	1
 168              		.global	SVC_Handler
 169              		.syntax unified
 170              		.thumb
 171              		.thumb_func
 173              	SVC_Handler:
 174              	.LFB139:
 141:Core/Src/stm32f4xx_it.c **** }
 142:Core/Src/stm32f4xx_it.c **** 
 143:Core/Src/stm32f4xx_it.c **** /**
 144:Core/Src/stm32f4xx_it.c ****   * @brief This function handles System service call via SWI instruction.
 145:Core/Src/stm32f4xx_it.c ****   */
 146:Core/Src/stm32f4xx_it.c **** void SVC_Handler(void)
 147:Core/Src/stm32f4xx_it.c **** {
 175              		.loc 1 147 1 view -0
 176              		.cfi_startproc
 177              		@ args = 0, pretend = 0, frame = 0
 178              		@ frame_needed = 0, uses_anonymous_args = 0
 179              		@ link register save eliminated.
 148:Core/Src/stm32f4xx_it.c ****   /* USER CODE BEGIN SVCall_IRQn 0 */
 149:Core/Src/stm32f4xx_it.c **** 
 150:Core/Src/stm32f4xx_it.c ****   /* USER CODE END SVCall_IRQn 0 */
 151:Core/Src/stm32f4xx_it.c ****   /* USER CODE BEGIN SVCall_IRQn 1 */
 152:Core/Src/stm32f4xx_it.c **** 
 153:Core/Src/stm32f4xx_it.c ****   /* USER CODE END SVCall_IRQn 1 */
 154:Core/Src/stm32f4xx_it.c **** }
 180              		.loc 1 154 1 view .LVU25
 181 0000 7047     		bx	lr
 182              		.cfi_endproc
 183              	.LFE139:
 185              		.section	.text.DebugMon_Handler,"ax",%progbits
 186              		.align	1
 187              		.global	DebugMon_Handler
 188              		.syntax unified
 189              		.thumb
 190              		.thumb_func
 192              	DebugMon_Handler:
 193              	.LFB140:
 155:Core/Src/stm32f4xx_it.c **** 
 156:Core/Src/stm32f4xx_it.c **** /**
 157:Core/Src/stm32f4xx_it.c ****   * @brief This function handles Debug monitor.
 158:Core/Src/stm32f4xx_it.c ****   */
ARM GAS  /tmp/ccp1KeDo.s 			page 7


 159:Core/Src/stm32f4xx_it.c **** void DebugMon_Handler(void)
 160:Core/Src/stm32f4xx_it.c **** {
 194              		.loc 1 160 1 view -0
 195              		.cfi_startproc
 196              		@ args = 0, pretend = 0, frame = 0
 197              		@ frame_needed = 0, uses_anonymous_args = 0
 198              		@ link register save eliminated.
 161:Core/Src/stm32f4xx_it.c ****   /* USER CODE BEGIN DebugMonitor_IRQn 0 */
 162:Core/Src/stm32f4xx_it.c **** 
 163:Core/Src/stm32f4xx_it.c ****   /* USER CODE END DebugMonitor_IRQn 0 */
 164:Core/Src/stm32f4xx_it.c ****   /* USER CODE BEGIN DebugMonitor_IRQn 1 */
 165:Core/Src/stm32f4xx_it.c **** 
 166:Core/Src/stm32f4xx_it.c ****   /* USER CODE END DebugMonitor_IRQn 1 */
 167:Core/Src/stm32f4xx_it.c **** }
 199              		.loc 1 167 1 view .LVU27
 200 0000 7047     		bx	lr
 201              		.cfi_endproc
 202              	.LFE140:
 204              		.section	.text.PendSV_Handler,"ax",%progbits
 205              		.align	1
 206              		.global	PendSV_Handler
 207              		.syntax unified
 208              		.thumb
 209              		.thumb_func
 211              	PendSV_Handler:
 212              	.LFB141:
 168:Core/Src/stm32f4xx_it.c **** 
 169:Core/Src/stm32f4xx_it.c **** /**
 170:Core/Src/stm32f4xx_it.c ****   * @brief This function handles Pendable request for system service.
 171:Core/Src/stm32f4xx_it.c ****   */
 172:Core/Src/stm32f4xx_it.c **** void PendSV_Handler(void)
 173:Core/Src/stm32f4xx_it.c **** {
 213              		.loc 1 173 1 view -0
 214              		.cfi_startproc
 215              		@ args = 0, pretend = 0, frame = 0
 216              		@ frame_needed = 0, uses_anonymous_args = 0
 217              		@ link register save eliminated.
 174:Core/Src/stm32f4xx_it.c ****   /* USER CODE BEGIN PendSV_IRQn 0 */
 175:Core/Src/stm32f4xx_it.c **** 
 176:Core/Src/stm32f4xx_it.c ****   /* USER CODE END PendSV_IRQn 0 */
 177:Core/Src/stm32f4xx_it.c ****   /* USER CODE BEGIN PendSV_IRQn 1 */
 178:Core/Src/stm32f4xx_it.c **** 
 179:Core/Src/stm32f4xx_it.c ****   /* USER CODE END PendSV_IRQn 1 */
 180:Core/Src/stm32f4xx_it.c **** }
 218              		.loc 1 180 1 view .LVU29
 219 0000 7047     		bx	lr
 220              		.cfi_endproc
 221              	.LFE141:
 223              		.section	.text.SysTick_Handler,"ax",%progbits
 224              		.align	1
 225              		.global	SysTick_Handler
 226              		.syntax unified
 227              		.thumb
 228              		.thumb_func
 230              	SysTick_Handler:
 231              	.LFB142:
 181:Core/Src/stm32f4xx_it.c **** 
ARM GAS  /tmp/ccp1KeDo.s 			page 8


 182:Core/Src/stm32f4xx_it.c **** /**
 183:Core/Src/stm32f4xx_it.c ****   * @brief This function handles System tick timer.
 184:Core/Src/stm32f4xx_it.c ****   */
 185:Core/Src/stm32f4xx_it.c **** void SysTick_Handler(void)
 186:Core/Src/stm32f4xx_it.c **** {
 232              		.loc 1 186 1 view -0
 233              		.cfi_startproc
 234              		@ args = 0, pretend = 0, frame = 0
 235              		@ frame_needed = 0, uses_anonymous_args = 0
 236 0000 08B5     		push	{r3, lr}
 237              	.LCFI2:
 238              		.cfi_def_cfa_offset 8
 239              		.cfi_offset 3, -8
 240              		.cfi_offset 14, -4
 187:Core/Src/stm32f4xx_it.c ****   /* USER CODE BEGIN SysTick_IRQn 0 */
 188:Core/Src/stm32f4xx_it.c **** 
 189:Core/Src/stm32f4xx_it.c ****   /* USER CODE END SysTick_IRQn 0 */
 190:Core/Src/stm32f4xx_it.c ****   HAL_IncTick();
 241              		.loc 1 190 3 view .LVU31
 242 0002 FFF7FEFF 		bl	HAL_IncTick
 243              	.LVL1:
 191:Core/Src/stm32f4xx_it.c ****   /* USER CODE BEGIN SysTick_IRQn 1 */
 192:Core/Src/stm32f4xx_it.c **** 
 193:Core/Src/stm32f4xx_it.c ****   /* USER CODE END SysTick_IRQn 1 */
 194:Core/Src/stm32f4xx_it.c **** }
 244              		.loc 1 194 1 is_stmt 0 view .LVU32
 245 0006 08BD     		pop	{r3, pc}
 246              		.cfi_endproc
 247              	.LFE142:
 249              		.text
 250              	.Letext0:
 251              		.file 2 "/usr/lib/gcc/arm-none-eabi/13.2.1/include/stdint.h"
 252              		.file 3 "Drivers/CMSIS/Device/ST/STM32F4xx/Include/stm32f401xe.h"
 253              		.file 4 "Drivers/STM32F4xx_HAL_Driver/Inc/stm32f4xx_hal.h"
 254              		.file 5 "Drivers/STM32F4xx_HAL_Driver/Inc/stm32f4xx_hal_gpio.h"
ARM GAS  /tmp/ccp1KeDo.s 			page 9


DEFINED SYMBOLS
                            *ABS*:00000000 stm32f4xx_it.c
     /tmp/ccp1KeDo.s:21     .text.NMI_Handler:00000000 $t
     /tmp/ccp1KeDo.s:27     .text.NMI_Handler:00000000 NMI_Handler
     /tmp/ccp1KeDo.s:44     .text.HardFault_Handler:00000000 $t
     /tmp/ccp1KeDo.s:50     .text.HardFault_Handler:00000000 HardFault_Handler
     /tmp/ccp1KeDo.s:91     .text.HardFault_Handler:00000020 $d
     /tmp/ccp1KeDo.s:98     .text.MemManage_Handler:00000000 $t
     /tmp/ccp1KeDo.s:104    .text.MemManage_Handler:00000000 MemManage_Handler
     /tmp/ccp1KeDo.s:121    .text.BusFault_Handler:00000000 $t
     /tmp/ccp1KeDo.s:127    .text.BusFault_Handler:00000000 BusFault_Handler
     /tmp/ccp1KeDo.s:144    .text.UsageFault_Handler:00000000 $t
     /tmp/ccp1KeDo.s:150    .text.UsageFault_Handler:00000000 UsageFault_Handler
     /tmp/ccp1KeDo.s:167    .text.SVC_Handler:00000000 $t
     /tmp/ccp1KeDo.s:173    .text.SVC_Handler:00000000 SVC_Handler
     /tmp/ccp1KeDo.s:186    .text.DebugMon_Handler:00000000 $t
     /tmp/ccp1KeDo.s:192    .text.DebugMon_Handler:00000000 DebugMon_Handler
     /tmp/ccp1KeDo.s:205    .text.PendSV_Handler:00000000 $t
     /tmp/ccp1KeDo.s:211    .text.PendSV_Handler:00000000 PendSV_Handler
     /tmp/ccp1KeDo.s:224    .text.SysTick_Handler:00000000 $t
     /tmp/ccp1KeDo.s:230    .text.SysTick_Handler:00000000 SysTick_Handler

UNDEFINED SYMBOLS
HAL_GPIO_TogglePin
HAL_IncTick
